// Jest Snapshot v1, https://goo.gl/fbAQLP

exports[`Alert should match the snapshot 1`] = `
<body>
  <div>
    <div
      class="MuiAutocomplete-root MuiAutocomplete-hasPopupIcon oxygen-autocomplete css-l3ln04-MuiAutocomplete-root"
    >
      <div
        class="oxygen-text-field"
      >
        <label
          aria-describedby=":r2:"
          class="MuiFormLabel-root MuiInputLabel-root MuiInputLabel-animated MuiFormLabel-colorPrimary MuiInputLabel-root MuiInputLabel-animated oxygen-input-label css-f3834g-MuiFormLabel-root-MuiInputLabel-root"
          for=":r2:"
          id=":r2:-label"
        >
          Movie
        </label>
        <div
          class="MuiFormControl-root MuiFormControl-marginDense MuiFormControl-fullWidth MuiTextField-root OxygenTextField-root css-1z10yd4-MuiFormControl-root-MuiTextField-root"
        >
          <div
            class="MuiInputBase-root MuiOutlinedInput-root MuiInputBase-colorPrimary MuiInputBase-fullWidth MuiInputBase-formControl MuiInputBase-sizeSmall MuiInputBase-adornedEnd MuiAutocomplete-inputRoot css-115mmlx-MuiInputBase-root-MuiOutlinedInput-root"
          >
            <input
              aria-autocomplete="list"
              aria-expanded="false"
              aria-invalid="false"
              autocapitalize="none"
              autocomplete="off"
              class="MuiInputBase-input MuiOutlinedInput-input MuiInputBase-inputSizeSmall MuiInputBase-inputAdornedEnd MuiAutocomplete-input MuiAutocomplete-inputFocused css-1h5lv9e-MuiInputBase-input-MuiOutlinedInput-input"
              id=":r2:"
              role="combobox"
              spellcheck="false"
              type="text"
              value=""
            />
            <div
              class="MuiAutocomplete-endAdornment css-1q60rmi-MuiAutocomplete-endAdornment"
            >
              <button
                aria-label="Open"
                class="MuiButtonBase-root MuiIconButton-root MuiIconButton-sizeMedium MuiAutocomplete-popupIndicator css-1n4oo3i-MuiButtonBase-root-MuiIconButton-root-MuiAutocomplete-popupIndicator"
                tabindex="-1"
                title="Open"
                type="button"
              >
                <svg
                  aria-hidden="true"
                  class="MuiSvgIcon-root MuiSvgIcon-fontSizeMedium css-i4bv87-MuiSvgIcon-root"
                  data-testid="ArrowDropDownIcon"
                  focusable="false"
                  viewBox="0 0 24 24"
                >
                  <path
                    d="M7 10l5 5 5-5z"
                  />
                </svg>
                <span
                  class="MuiTouchRipple-root css-8je8zh-MuiTouchRipple-root"
                />
              </button>
            </div>
            <fieldset
              aria-hidden="true"
              class="MuiOutlinedInput-notchedOutline css-116asjz-MuiOutlinedInput-notchedOutline"
            >
              <legend
                class="css-ihdtdm"
              >
                <span
                  class="notranslate"
                >
                  â€‹
                </span>
              </legend>
            </fieldset>
          </div>
        </div>
      </div>
    </div>
  </div>
</body>
`;
