// Jest Snapshot v1, https://goo.gl/fbAQLP

exports[`SignIn should match the snapshot 1`] = `
<body>
  <div>
    <div
      class="oxygen-box oxygen-sign-in MuiBox-root css-0"
    >
      <img
        class="oxygen-box oxygen-sign-in-logo MuiBox-root css-0"
        src="#"
      />
      <div
        class="MuiPaper-root MuiPaper-outlined MuiPaper-rounded oxygen-paper oxygen-sign-in-box css-1fbvlaf-MuiPaper-root"
      >
        <h5
          class="MuiTypography-root MuiTypography-h5 MuiTypography-alignCenter oxygen-typography oxygen-sign-in-header css-pezd7p-MuiTypography-root"
        >
          Sign in
        </h5>
        <form
          class="oxygen-box oxygen-sign-in-form MuiBox-root css-164r41r"
          novalidate=""
        >
          <div
            class="oxygen-text-field"
          >
            <label
              aria-describedby="name"
              class="MuiFormLabel-root MuiInputLabel-root MuiInputLabel-animated MuiFormLabel-colorPrimary MuiInputLabel-root MuiInputLabel-animated oxygen-input-label css-f3834g-MuiFormLabel-root-MuiInputLabel-root"
              for="name"
            >
              Username
            </label>
            <div
              class="MuiFormControl-root MuiFormControl-marginDense MuiFormControl-fullWidth MuiTextField-root OxygenTextField-root css-1z10yd4-MuiFormControl-root-MuiTextField-root"
            >
              <div
                class="MuiInputBase-root MuiOutlinedInput-root MuiInputBase-colorPrimary MuiInputBase-fullWidth Mui-focused MuiInputBase-formControl MuiInputBase-sizeSmall css-e1xd3c-MuiInputBase-root-MuiOutlinedInput-root"
              >
                <input
                  aria-invalid="false"
                  class="MuiInputBase-input MuiOutlinedInput-input MuiInputBase-inputSizeSmall css-18xv68w-MuiInputBase-input-MuiOutlinedInput-input"
                  id="name"
                  name="text"
                  placeholder="Enter your username"
                  required=""
                  type="text"
                  value=""
                />
                <fieldset
                  aria-hidden="true"
                  class="MuiOutlinedInput-notchedOutline css-116asjz-MuiOutlinedInput-notchedOutline"
                >
                  <legend
                    class="css-ihdtdm"
                  >
                    <span
                      class="notranslate"
                    >
                      ​
                    </span>
                  </legend>
                </fieldset>
              </div>
            </div>
          </div>
          <div
            class="oxygen-text-field"
          >
            <label
              aria-describedby="password"
              class="MuiFormLabel-root MuiInputLabel-root MuiInputLabel-animated MuiFormLabel-colorPrimary MuiInputLabel-root MuiInputLabel-animated oxygen-input-label css-f3834g-MuiFormLabel-root-MuiInputLabel-root"
              for="password"
            >
              Password
            </label>
            <div
              class="MuiFormControl-root MuiFormControl-marginDense MuiFormControl-fullWidth MuiTextField-root css-1z10yd4-MuiFormControl-root-MuiTextField-root"
            >
              <div
                class="MuiInputBase-root MuiOutlinedInput-root MuiInputBase-colorPrimary MuiInputBase-fullWidth MuiInputBase-formControl MuiInputBase-sizeSmall MuiInputBase-adornedEnd css-115mmlx-MuiInputBase-root-MuiOutlinedInput-root"
              >
                <input
                  aria-invalid="false"
                  autocomplete="current-password"
                  class="MuiInputBase-input MuiOutlinedInput-input MuiInputBase-inputSizeSmall MuiInputBase-inputAdornedEnd css-1h5lv9e-MuiInputBase-input-MuiOutlinedInput-input"
                  id=":r4:"
                  name="password"
                  placeholder="Enter your password"
                  required=""
                  type="password"
                  value=""
                />
                <div
                  class="MuiInputAdornment-root MuiInputAdornment-positionEnd MuiInputAdornment-outlined MuiInputAdornment-sizeSmall oxygen-input-adornment css-103jkr5-MuiInputAdornment-root"
                >
                  <button
                    aria-label="toggle password visibility"
                    class="MuiButtonBase-root MuiIconButton-root MuiIconButton-edgeEnd MuiIconButton-sizeMedium oxygen-icon-button css-1q9q5zz-MuiButtonBase-root-MuiIconButton-root"
                    tabindex="0"
                    type="button"
                  >
                    <svg
                      aria-hidden="true"
                      class="oxygen-icon oxygen-icon-eye"
                      fill="currentColor"
                      focusable="false"
                      height="16"
                      role="img"
                      style="display: inline-block; overflow: visible; user-select: none; vertical-align: text-bottom;"
                      viewBox="0 0 16 16"
                      width="16"
                    >
                      <path
                        clip-rule="evenodd"
                        d="M16 8C16 8 12.4183 13.5 8 13.5C3.58172 13.5 0 8 0 8C0 8 3.58172 2.5 8 2.5C12.4183 2.5 16 8 16 8ZM10.0003 8.00019C10.0003 8.27633 10.2242 8.50019 10.5003 8.50019C10.7765 8.50019 11.0003 8.27633 11.0003 8.00019C11.0003 6.34333 9.65719 5.00019 8.00034 5.00019C6.34348 5.00019 5.00034 6.34333 5.00034 8.00019C5.00034 9.65704 6.34349 11.0002 8.00034 11.0002C8.27648 11.0002 8.50034 10.7763 8.50034 10.5002C8.50034 10.224 8.27648 10.0002 8.00034 10.0002C6.89577 10.0002 6.00034 9.10476 6.00034 8.00019C6.00034 6.89562 6.89577 6.00019 8.00034 6.00019C9.10491 6.00019 10.0003 6.89562 10.0003 8.00019ZM1.41523 7.75815C1.34757 7.84433 1.2854 7.92526 1.22895 8C1.2854 8.07475 1.34757 8.15567 1.41523 8.24185C1.79878 8.73038 2.35207 9.37932 3.03181 10.0249C4.42946 11.3524 6.18747 12.5 8 12.5C9.81253 12.5 11.5705 11.3524 12.9682 10.0249C13.6479 9.37932 14.2012 8.73038 14.5848 8.24185C14.6524 8.15567 14.7146 8.07475 14.7711 8C14.7146 7.92526 14.6524 7.84433 14.5848 7.75815C14.2012 7.26962 13.6479 6.62068 12.9682 5.97508C11.5705 4.64763 9.81253 3.5 8 3.5C6.18747 3.5 4.42946 4.64763 3.03181 5.97508C2.35207 6.62068 1.79878 7.26962 1.41523 7.75815Z"
                        fill=""
                        fill-rule="evenodd"
                      />
                    </svg>
                    <span
                      class="MuiTouchRipple-root css-8je8zh-MuiTouchRipple-root"
                    />
                  </button>
                </div>
                <fieldset
                  aria-hidden="true"
                  class="MuiOutlinedInput-notchedOutline css-116asjz-MuiOutlinedInput-notchedOutline"
                >
                  <legend
                    class="css-ihdtdm"
                  >
                    <span
                      class="notranslate"
                    >
                      ​
                    </span>
                  </legend>
                </fieldset>
              </div>
            </div>
          </div>
          <div
            class="MuiFormGroup-root oxygen-form-group css-dmmspl-MuiFormGroup-root"
          >
            <label
              class="MuiFormControlLabel-root MuiFormControlLabel-labelPlacementEnd oxygen-form-control-label css-tajcny-MuiFormControlLabel-root"
            >
              <span
                class="MuiButtonBase-root MuiCheckbox-root MuiCheckbox-colorPrimary PrivateSwitchBase-root MuiCheckbox-root MuiCheckbox-colorPrimary Mui-checked MuiCheckbox-root MuiCheckbox-colorPrimary oxygen-checkbox css-hvaz3l-MuiButtonBase-root-MuiCheckbox-root"
              >
                <input
                  checked=""
                  class="PrivateSwitchBase-input css-1m9pwf3"
                  data-indeterminate="false"
                  type="checkbox"
                />
                <svg
                  aria-hidden="true"
                  class="MuiSvgIcon-root MuiSvgIcon-fontSizeMedium css-i4bv87-MuiSvgIcon-root"
                  data-testid="CheckBoxIcon"
                  focusable="false"
                  viewBox="0 0 24 24"
                >
                  <path
                    d="M19 3H5c-1.11 0-2 .9-2 2v14c0 1.1.89 2 2 2h14c1.11 0 2-.9 2-2V5c0-1.1-.89-2-2-2zm-9 14l-5-5 1.41-1.41L10 14.17l7.59-7.59L19 8l-9 9z"
                  />
                </svg>
                <span
                  class="MuiTouchRipple-root css-8je8zh-MuiTouchRipple-root"
                />
              </span>
              <span
                class="MuiTypography-root MuiTypography-body1 MuiFormControlLabel-label css-1qp7oek-MuiTypography-root"
              >
                Remember me on this computer
              </span>
            </label>
          </div>
          <button
            class="MuiButtonBase-root MuiButton-root MuiLoadingButton-root MuiButton-contained MuiButton-containedPrimary MuiButton-sizeMedium MuiButton-containedSizeMedium MuiButton-disableElevation MuiButton-fullWidth MuiButton-root MuiLoadingButton-root MuiButton-contained MuiButton-containedPrimary MuiButton-sizeMedium MuiButton-containedSizeMedium MuiButton-disableElevation MuiButton-fullWidth oxygen-button oxygen-sign-in-cta css-1nncas0-MuiButtonBase-root-MuiButton-root-MuiLoadingButton-root"
            id=":r5:"
            tabindex="0"
            type="submit"
          >
            Sign In
            <span
              class="MuiTouchRipple-root css-8je8zh-MuiTouchRipple-root"
            />
          </button>
          <div
            class="MuiGrid2-root MuiGrid2-container MuiGrid2-direction-xs-row oxygen-grid oxygen-sign-in-sign-up-link css-1pi8xg4-MuiGrid2-root"
          >
            <div
              class="MuiGrid2-root MuiGrid2-direction-xs-row oxygen-grid css-27y2fm-MuiGrid2-root"
            >
              Don't have an account?
            </div>
            <div
              class="MuiGrid2-root MuiGrid2-direction-xs-row oxygen-grid css-27y2fm-MuiGrid2-root"
            >
              <a
                class="MuiTypography-root MuiTypography-inherit MuiLink-root MuiLink-underlineHover oxygen-link oxygen-sign-in-sign-up-link-action css-c2ph3r-MuiTypography-root-MuiLink-root"
                href="#"
              >
                Sign up
              </a>
            </div>
          </div>
        </form>
      </div>
    </div>
  </div>
</body>
`;
