// Jest Snapshot v1, https://goo.gl/fbAQLP

exports[`TextField should match the snapshot 1`] = `
<body>
  <div>
    <div
      class="oxygen-text-field"
    >
      <label
        class="MuiFormLabel-root MuiInputLabel-root MuiInputLabel-animated MuiFormLabel-colorPrimary MuiInputLabel-root MuiInputLabel-animated oxygen-input-label css-f3834g-MuiFormLabel-root-MuiInputLabel-root"
      />
      <div
        class="MuiFormControl-root MuiFormControl-marginDense MuiTextField-root OxygenTextField-root css-4mzek5-MuiFormControl-root-MuiTextField-root"
      >
        <div
          class="MuiInputBase-root MuiOutlinedInput-root MuiInputBase-colorPrimary MuiInputBase-formControl MuiInputBase-sizeSmall css-9s98je-MuiInputBase-root-MuiOutlinedInput-root"
        >
          <input
            aria-invalid="false"
            class="MuiInputBase-input MuiOutlinedInput-input MuiInputBase-inputSizeSmall css-18xv68w-MuiInputBase-input-MuiOutlinedInput-input"
            id=":r1:"
            type="text"
            value=""
          />
          <fieldset
            aria-hidden="true"
            class="MuiOutlinedInput-notchedOutline css-116asjz-MuiOutlinedInput-notchedOutline"
          >
            <legend
              class="css-ihdtdm"
            >
              <span
                class="notranslate"
              >
                â€‹
              </span>
            </legend>
          </fieldset>
        </div>
      </div>
    </div>
  </div>
</body>
`;
